// Jest Snapshot v1, https://goo.gl/fbAQLP

exports[`Should CatalogGenres render correctly 1`] = `
<div>
  <ul
    class="catalog__genres-list"
  >
    <li
      class="catalog__genres-item catalog__genres-item--active"
    >
      <a
        class="catalog__genres-link"
      >
        All genres
      </a>
    </li>
  </ul>
</div>
`;
