// Jest Snapshot v1, https://goo.gl/fbAQLP

exports[`Should MovieList render correctly 1`] = `
<div>
  <div
    class="catalog__movies-list"
  >
    <article
      class="small-movie-card catalog__movies-card"
    >
      <a
        class="small-movie-card__link"
        href="/films/1"
      >
        <div
          class="small-movie-card__image"
        >
          <img
            alt="The Grand Budapest Hotel"
            height="175"
            src="img/the-grand-budapest-hotel-poster.jpg"
            width="280"
          />
        </div>
        <h3
          class="small-movie-card__title"
        >
          <span>
            The Grand Budapest Hotel
          </span>
        </h3>
      </a>
    </article>
  </div>
</div>
`;
