// Jest Snapshot v1, https://goo.gl/fbAQLP

exports[`Should MyList render correctly 1`] = `
<div>
  <div
    class="user-page"
  >
    <header
      class="page-header user-page__head"
    >
      <div
        class="logo"
      >
        <a
          class="logo__link"
          href="/"
        >
          <span
            class="logo__letter logo__letter--1"
          >
            W
          </span>
          <span
            class="logo__letter logo__letter--2"
          >
            T
          </span>
          <span
            class="logo__letter logo__letter--3"
          >
            W
          </span>
        </a>
      </div>
      <h1
        class="page-title user-page__title"
      >
        My list
      </h1>
      <div
        class="user-block"
      >
        <a
          class="user-block__link"
          href="/login"
        >
          Sign in
        </a>
      </div>
    </header>
    <section
      class="catalog"
    >
      <h2
        class="catalog__title visually-hidden"
      >
        Catalog
      </h2>
      <div
        class="catalog__movies-list"
      >
        <article
          class="small-movie-card catalog__movies-card"
        >
          <a
            class="small-movie-card__link"
            href="/films/1"
          >
            <div
              class="small-movie-card__image"
            >
              <img
                alt="The Grand Budapest Hotel"
                height="175"
                src="img/the-grand-budapest-hotel-poster.jpg"
                width="280"
              />
            </div>
            <h3
              class="small-movie-card__title"
            >
              <span>
                The Grand Budapest Hotel
              </span>
            </h3>
          </a>
        </article>
      </div>
    </section>
    <footer
      class="page-footer"
    >
      <div
        class="logo"
      >
        <a
          class="logo__link logo__link--light"
          href="/"
        >
          <span
            class="logo__letter logo__letter--1"
          >
            W
          </span>
          <span
            class="logo__letter logo__letter--2"
          >
            T
          </span>
          <span
            class="logo__letter logo__letter--3"
          >
            W
          </span>
        </a>
      </div>
      <div
        class="copyright"
      >
        <p>
          Â© 
          2021
           What to watch Ltd.
        </p>
      </div>
    </footer>
  </div>
</div>
`;
