// Jest Snapshot v1, https://goo.gl/fbAQLP

exports[`Should Details render correctly 1`] = `
<div>
  <div
    class="movie-card__text movie-card__row"
  >
    <div
      class="movie-card__text-col"
    >
      <p
        class="movie-card__details-item"
      >
        <strong
          class="movie-card__details-name"
        >
          Director
        </strong>
        <span
          class="movie-card__details-value"
        >
          Wes Andreson
        </span>
      </p>
      <p
        class="movie-card__details-item"
      >
        <strong
          class="movie-card__details-name"
        >
          Starring
        </strong>
        <span
          class="movie-card__details-value"
        >
          <span>
            Bill Murray
            
             
            <br />
          </span>
          <span>
            Edward Norton
            
             
            <br />
          </span>
          <span>
            Jude Law
            
             
            <br />
          </span>
          <span>
            Willem Dafoe
            
             
            <br />
          </span>
          <span>
            Saoirse Ronan
            
             
            <br />
          </span>
        </span>
      </p>
    </div>
    <div
      class="movie-card__text-col"
    >
      <p
        class="movie-card__details-item"
      >
        <strong
          class="movie-card__details-name"
        >
          Run Time
        </strong>
        <span
          class="movie-card__details-value"
        >
          1h 39m
        </span>
      </p>
      <p
        class="movie-card__details-item"
      >
        <strong
          class="movie-card__details-name"
        >
          Genre
        </strong>
        <span
          class="movie-card__details-value"
        >
          Comedy
        </span>
      </p>
      <p
        class="movie-card__details-item"
      >
        <strong
          class="movie-card__details-name"
        >
          Released
        </strong>
        <span
          class="movie-card__details-value"
        >
          2014
        </span>
      </p>
    </div>
  </div>
</div>
`;
