// Jest Snapshot v1, https://goo.gl/fbAQLP

exports[`Should PlayButton render correctly 1`] = `
<div>
  <button
    class="btn movie-card__button"
    type="button"
  >
    <svg
      height="20"
      viewBox="0 0 19 20"
      width="19"
    >
      <use
        xlink:href="#play-s"
      />
    </svg>
    <span>
      Play
    </span>
  </button>
</div>
`;
